// Vitest Snapshot v1

exports[`define recipe > returns a valid recipe object 1`] = `
{
  "format_version": "1.12",
  "minecraft:recipe_shaped": {
    "description": {
      "identifier": "test:recipe.radio",
    },
    "key": {
      "A": {
        "item": "minecraft:planks",
      },
      "B": {
        "item": "minecraft:note",
      },
    },
    "pattern": [
      "A",
      "B",
    ],
    "result": {
      "item": "test:radio",
    },
    "tags": [
      "crafting_table",
    ],
  },
}
`;
